// Jest Snapshot v1, https://goo.gl/fbAQLP

exports[`Container should match the All Movies snapshot 1`] = `
<main
  className="Container"
>
  <Connect(SearchBar) />
  <withRouter(Connect(MovieCard))
    movie={
      Object {
        "id": 1,
      }
    }
    type="movies"
    updateFavorites={[MockFunction]}
  />
  <withRouter(Connect(MovieCard))
    movie={
      Object {
        "id": 2,
      }
    }
    type="movies"
    updateFavorites={[MockFunction]}
  />
  <withRouter(Connect(MovieCard))
    movie={
      Object {
        "id": 3,
      }
    }
    type="movies"
    updateFavorites={[MockFunction]}
  />
</main>
`;
